{
  "Slicer": "OrcaSlicer",
  "CuraVersion": "Unknown",
  "PluginVersion": null,
  "settings": {
    "note": "Settings:\n\nQuality:\n  Layer Height:\n    Layer Height: \n    First Layer Height: \n  Line Width:\n    Default Line Width: \n  Seam:\n    Seam Position: \n  Precision:\n    Precise Wall: \n  Ironing:\n    Ironing: \n  Wall Generator:\n    Generator: \n  Walls And Surfaces:\n    Only One Wall on Top Surfaces: \n\nStrength:\n  Walls:\n    Wall Loops: \n  Top/Bottom Shells:\n    Top Shell Layers: \n    Top Shell Thickness: \n    Bottom Shell Layers: \n    Bottom Shell Thickness: \n  Infill:\n    Sparse Infill Density: \n    Sparse Infill Pattern: \n\nSpeed:\n  First Layer Speed:\n    First Layer: \n    Number of Slow Layers: \n  Other Layers Speed:\n    Outer Wall: \n    Inner Wall: \n    Sparse Infill: \n    Internal Solid Infill: \n    Top Surface: \n  Travel Speed:\n    Travel: \n\nSupport:\n  Support:\n    Enable Support: \n    Type: \n    Style: \n    Threshold Angle: \n    On Build Plate Only: \n  Raft:\n    Raft Layers: \n\nMultimaterial:\n  Prime Tower:\n    Enable: \n    Width: \n    Brim Width: \n  Ooze Prevention:\n    Enable: \n  Flush Options:\n    Flush into Objects' Infill: \n    Flush into Objects' Support: \n  Advanced:\n    Use Beam Interlocking: \n\nOther:\n  Skirt:\n    Skirt Type: \n    Skirt Loops: \n    Skirt Min Extrusion Length: \n  Brim:\n    Brim Type: \n    Brim Width: \n  Special Mode:\n    Slicing Mode: \n    Print Sequence: \n    Spiral Vase: \n    Fuzzy Skin: ",
    "print_name": null,
    "time_stamp": null,
    "estimated_print_time_seconds": 0,
    "material_used_mg": 0,
    "Snapshot": null,
    "file_name": null,
    "filamentUsage": []
  }
}
