{
  "Slicer": "OrcaSlicer",
  "CuraVersion": "2.2.0-rc",
  "PluginVersion": null,
  "settings": {
    "note": "Settings:\n\nQuality:\n  Layer Height:\n    Layer Height: 0.2\n    First Layer Height: 0.200\n  Line Width:\n    Default Line Width: 0.4\n  Seam:\n    Seam Position: aligned\n  Precision:\n    Precise Wall: 0\n  Ironing:\n    Ironing: no ironing\n  Wall Generator:\n    Generator: arachne\n  Walls And Surfaces:\n    Only One Wall on Top Surfaces: 0\n\nStrength:\n  Walls:\n    Wall Loops: 3\n  Top/Bottom Shells:\n    Top Shell Layers: 4\n    Top Shell Thickness: 0.8\n    Bottom Shell Layers: 3\n    Bottom Shell Thickness: 0\n  Infill:\n    Sparse Infill Density: 15%\n    Sparse Infill Pattern: crosshatch\n\nSpeed:\n  First Layer Speed:\n    First Layer: 45\n    Number of Slow Layers: 0\n  Other Layers Speed:\n    Outer Wall: 60\n    Inner Wall: 80\n    Sparse Infill: 80\n    Internal Solid Infill: 80\n    Top Surface: 50\n  Travel Speed:\n    Travel: 150\n\nSupport:\n  Support:\n    Enable Support: 0\n    Type: normal(auto)\n    Style: default\n    Threshold Angle: 30\n    On Build Plate Only: 0\n  Raft:\n    Raft Layers: 0\n\nMultimaterial:\n  Prime Tower:\n    Enable: 0\n    Width: 60\n    Brim Width: 3\n  Ooze Prevention:\n    Enable: 0\n  Flush Options:\n    Flush into Objects' Infill: 0\n    Flush into Objects' Support: 1\n  Advanced:\n    Use Beam Interlocking: 0\n\nOther:\n  Skirt:\n    Skirt Type: combined\n    Skirt Loops: 0\n    Skirt Min Extrusion Length: 4\n  Brim:\n    Brim Type: auto_brim\n    Brim Width: 5\n  Special Mode:\n    Slicing Mode: regular\n    Print Sequence: by layer\n    Spiral Vase: 0\n    Fuzzy Skin: none",
    "print_name": null,
    "time_stamp": null,
    "estimated_print_time_seconds": 2553,
    "material_used_mg": null,
    "Snapshot": "iVBORw0KGgoAAAANSUhEUgAAADAAAAAwCAYAAABXAvmHAAADBklEQVR4Ae2Zy2sTURTGz1YRpDWmtW\nm0GtS6EFzoqkWCFkpANCDWNoImlaqkIj5ajVRwivgorVYJXYi2aZfdFborhay67aKr7ga67R9xm5Nw\n4GZyZ+beeSUD+eCDkATm+53H5CYBaMu94nHog7Bqdxf0w0Ng09OgQZiEgTE4740NKEMYJApPxo4MDE\nASWlEYjEbGzsUilKCVZFX1lu+GbNXN3LQFd1J1M+OCB3q7xQt6FZ736ChkwU/hBfwIHsjttr8fkgcH\n/oYnz8/7ADE4CNnVVWA7O/6GX1sDViiADl6LANCbm94H39oCNjdXs+8A6PV1YPv73ocPDIDsdqSWlu\nrDuwY4dimRVAFw2g1j1V0DdNwZ1hJ/fzE0PlYBUO2GqOquAPjw5J53+bIqgN2CW1XdEQCOy7lvn3Rj\neDK+RiMlC2A2UrLhpQFEVTdzNDtWUgEgb28D29uzHxllAFHVz//5zno/vrYEmV1JMFWIxUW18JYAoq\npj8FgleHQ8w+Kf37MLxR+WELn/w80BwKUUhe/Oj1cB6Dk7APStf3n2u9QZDIDVrGNwhOCf6/v5RWov\n0G+Wb/gPEM1ldJVQ/HsRsGvisfB9CH55Mu05QMP4nH70QO9+kWNx7YMUAI4Q7UVMsNT0WiRzn118mv\nIUYGhI8PWSANCxqZe2M37260zDXhh3BsOTvQCwvG3yAGSrkaIOiPaFD47uuJfS3QKMjNj8xCICoG7I\n7oUoPAHgNSoVLKsCSB8XzABkuoGdwM8HChzNjVVtBCDJAigd1uwARAvOLyrv3pm3wg7wWlgA3QwAgw\nsX1S0Ameafrzpf/TOvntkCoNJp0IwAjr+kqACgRbN+6mG6ofpWACQCUK661wDorudPlAFQkYjLX9y8\nAKico2qHvdlC3XjJALiWW4Da7E9UH9OpNVAAVOfdVNkpQM/UpLArx69e0SBoqQJg9Y0AgVXdTHbdqA\nMw3E6bHp6XyhK3VHBeogUPTXjSievXNDOApiyqU/EALV91M+GCn7x9Mxx/SLfVlr2OACX7ijbm2HUB\nAAAAAElFTkSuQmCC",
    "file_name": null,
    "filamentUsage": [
      {
        "Id": null,
        "Filament": {
          "Id": "00000000-0000-0000-0000-000000000000",
          "DisplayName": "Other"
        },
        "AmountMg": null,
        "LengthInM": null,
        "VolumeMl": null,
        "EstimatedAmountMg": null,
        "EstimatedLengthInM": 1.52,
        "EstimatedVolumeMl": null,
        "Source": "Length",
        "EstimatedSource": "Length",
        "Notes": ""
      },
      {
        "Id": null,
        "Filament": {
          "Id": "00000000-0000-0000-0000-000000000000",
          "DisplayName": "Other"
        },
        "AmountMg": null,
        "LengthInM": null,
        "VolumeMl": null,
        "EstimatedAmountMg": null,
        "EstimatedLengthInM": 1.874,
        "EstimatedVolumeMl": null,
        "Source": "Length",
        "EstimatedSource": "Length",
        "Notes": ""
      }
    ]
  }
}
