{
  "Slicer": "AnycubicSlicerNext",
  "CuraVersion": "1.3.2",
  "PluginVersion": null,
  "settings": {
    "note": "Settings:\n\nQuality:\n  Layer Height:\n    Layer Height: 0.2\n    First Layer Height: 0.200\n  Line Width:\n    Default Line Width: 0.42\n  Seam:\n    Seam Position: aligned\n  Precision:\n    Precise Wall: 0\n  Ironing:\n    Ironing: \n  Wall Generator:\n    Generator: classic\n  Walls And Surfaces:\n    Only One Wall on Top Surfaces: 1\n\nStrength:\n  Walls:\n    Wall Loops: 2\n  Top/Bottom Shells:\n    Top Shell Layers: 5\n    Top Shell Thickness: 1\n    Bottom Shell Layers: 3\n    Bottom Shell Thickness: 0.6\n  Infill:\n    Sparse Infill Density: 15%\n    Sparse Infill Pattern: gyroid\n\nSpeed:\n  First Layer Speed:\n    First Layer: 45\n    Number of Slow Layers: 1\n  Other Layers Speed:\n    Outer Wall: 130\n    Inner Wall: 200\n    Sparse Infill: 300\n    Internal Solid Infill: 130\n    Top Surface: 130\n  Travel Speed:\n    Travel: 350\n\nSupport:\n  Support:\n    Enable Support: 0\n    Type: tree(auto)\n    Style: default\n    Threshold Angle: 40\n    On Build Plate Only: 1\n  Raft:\n    Raft Layers: 0\n\nMultimaterial:\n  Prime Tower:\n    Enable: 1\n    Width: 35\n    Brim Width: 5\n  Ooze Prevention:\n    Enable: 0\n  Flush Options:\n    Flush into Objects' Infill: 0\n    Flush into Objects' Support: 1\n  Advanced:\n    Use Beam Interlocking: 0\n\nOther:\n  Skirt:\n    Skirt Type: combined\n    Skirt Loops: 0\n    Skirt Min Extrusion Length: 0\n  Brim:\n    Brim Type: auto_brim\n    Brim Width: 5\n  Special Mode:\n    Slicing Mode: regular\n    Print Sequence: by layer\n    Spiral Vase: 0\n    Fuzzy Skin: none",
    "print_name": null,
    "time_stamp": null,
    "estimated_print_time_seconds": 9678,
    "material_used_mg": null,
    "Snapshot": "0hZAGSX1GfKtQbZ5msfsUn+dZ5NU8jxXHTK/3hNjGW4=",
    "file_name": null,
    "filamentUsage": [
      {
        "Id": null,
        "Filament": {
          "Id": "00000000-0000-0000-0000-000000000000",
          "DisplayName": "Other"
        },
        "AmountMg": null,
        "LengthInM": null,
        "VolumeMl": null,
        "EstimatedAmountMg": null,
        "EstimatedLengthInM": 1.93,
        "EstimatedVolumeMl": null,
        "Source": "Length",
        "EstimatedSource": "Length",
        "Notes": ""
      },
      {
        "Id": null,
        "Filament": {
          "Id": "00000000-0000-0000-0000-000000000000",
          "DisplayName": "Other"
        },
        "AmountMg": null,
        "LengthInM": null,
        "VolumeMl": null,
        "EstimatedAmountMg": null,
        "EstimatedLengthInM": 2.097,
        "EstimatedVolumeMl": null,
        "Source": "Length",
        "EstimatedSource": "Length",
        "Notes": ""
      }
    ]
  }
}
