{
  "Slicer": "BambuStudioSlicer",
  "CuraVersion": "01.10.01.50",
  "PluginVersion": null,
  "settings": {
    "note": "Settings:\n\nQuality:\n  Layer Height:\n    Layer Height: 0.2\n    First Layer Height: 0.2\n  Line Width:\n    Default Line Width: 0.42\n  Seam:\n    Seam Position: aligned\n  Precision:\n    Precise Wall: \n  Ironing:\n    Ironing: no ironing\n  Wall Generator:\n    Generator: classic\n  Walls And Surfaces:\n    Only One Wall on Top Surfaces: \n\nStrength:\n  Walls:\n    Wall Loops: 2\n  Top/Bottom Shells:\n    Top Shell Layers: 5\n    Top Shell Thickness: 1\n    Bottom Shell Layers: 3\n    Bottom Shell Thickness: 0\n  Infill:\n    Sparse Infill Density: 15%\n    Sparse Infill Pattern: grid\n\nSpeed:\n  First Layer Speed:\n    First Layer: 50\n    Number of Slow Layers: \n  Other Layers Speed:\n    Outer Wall: 200\n    Inner Wall: 300\n    Sparse Infill: 270\n    Internal Solid Infill: 250\n    Top Surface: 200\n  Travel Speed:\n    Travel: 700\n\nSupport:\n  Support:\n    Enable Support: 0\n    Type: normal(auto)\n    Style: default\n    Threshold Angle: 30\n    On Build Plate Only: 0\n  Raft:\n    Raft Layers: 0\n\nMultimaterial:\n  Prime Tower:\n    Enable: 1\n    Width: 35\n    Brim Width: 3\n  Ooze Prevention:\n    Enable: 0\n  Flush Options:\n    Flush into Objects' Infill: 0\n    Flush into Objects' Support: 1\n  Advanced:\n    Use Beam Interlocking: \n\nOther:\n  Skirt:\n    Skirt Type: \n    Skirt Loops: 0\n    Skirt Min Extrusion Length: \n  Brim:\n    Brim Type: auto_brim\n    Brim Width: 5\n  Special Mode:\n    Slicing Mode: regular\n    Print Sequence: by layer\n    Spiral Vase: 0\n    Fuzzy Skin: none",
    "print_name": null,
    "time_stamp": null,
    "estimated_print_time_seconds": 15173,
    "material_used_mg": null,
    "Snapshot": "dCNOmK/nSY+12vHzasLXiswzlGT5UHA7jAGYkvmCuQs=",
    "file_name": null,
    "filamentUsage": [
      {
        "Id": null,
        "Filament": {
          "Id": "00000000-0000-0000-0000-000000000000",
          "DisplayName": "Other"
        },
        "AmountMg": null,
        "LengthInM": null,
        "VolumeMl": null,
        "EstimatedAmountMg": null,
        "EstimatedLengthInM": 9.035,
        "EstimatedVolumeMl": null,
        "Source": "Length",
        "EstimatedSource": "Length",
        "Notes": ""
      },
      {
        "Id": null,
        "Filament": {
          "Id": "00000000-0000-0000-0000-000000000000",
          "DisplayName": "Other"
        },
        "AmountMg": null,
        "LengthInM": null,
        "VolumeMl": null,
        "EstimatedAmountMg": null,
        "EstimatedLengthInM": 11.468,
        "EstimatedVolumeMl": null,
        "Source": "Length",
        "EstimatedSource": "Length",
        "Notes": ""
      }
    ]
  }
}
